2026-07-29 08:57:45,748 - ict_main - INFO - Starting ICT Backtester Pro with config: config.yaml
2026-07-29 08:57:45,754 - ict_main - INFO - Configuration loaded for instrument: XAUUSD
2026-07-29 08:57:45,754 - ict_main - INFO - Fetching and preparing data...
2026-07-29 08:58:38,322 - ict_main - INFO - Starting ICT Backtester Pro with config: config.yaml
2026-07-29 08:58:38,329 - ict_main - INFO - Configuration loaded for instrument: XAUUSD
2026-07-29 08:58:38,329 - ict_main - INFO - Fetching and preparing data...
2026-07-29 08:59:36,961 - ict_main - INFO - Starting ICT Backtester Pro with config: config.yaml
2026-07-29 08:59:36,963 - ict_main - INFO - Configuration loaded for instrument: EURUSD
2026-07-29 08:59:36,963 - ict_main - INFO - Fetching and preparing data...
2026-07-29 09:01:00,515 - ict_main - INFO - Starting ICT Backtester Pro with config: config.yaml
2026-07-29 09:01:00,518 - ict_main - INFO - Configuration loaded for instrument: EURUSD
2026-07-29 09:01:00,518 - ict_main - INFO - Fetching and preparing data...
2026-07-29 09:01:54,161 - ict_main - INFO - Starting ICT Backtester Pro with config: config.yaml
2026-07-29 09:01:54,163 - ict_main - INFO - Configuration loaded for instrument: EURUSD
2026-07-29 09:01:54,164 - ict_main - INFO - Fetching and preparing data...
2026-07-29 09:01:59,287 - ict_main - INFO - Data loaded successfully. Total candles: 6100
2026-07-29 09:01:59,288 - ict_main - INFO - Running Event-Driven Backtest...
2026-07-29 09:02:05,353 - ict_main - INFO - Backtest completed. Total trades taken: 933
2026-07-29 09:02:05,354 - ict_main - INFO - Calculating statistics...
2026-07-29 09:02:05,492 - ict_main - INFO - Saved stats summary to reports\stats_summary_20260729_090205.json
2026-07-29 09:02:05,492 - ict_main - INFO - Generating interactive HTML report...
2026-07-29 09:02:06,596 - ict_main - INFO - Visual report successfully generated at: reports\backtest_report_20260729_090205.html
